Starting a Gradle Daemon, 2 incompatible and 17 stopped Daemons could not be reused, use --status for details
.\gradlew : Warning: SDK processing. This version only understands SDK XML versions up to 3 but an SDK XML file of 
version 4 was encountered. This can happen if you use versions of Android Studio and the command-line tools that were 
released at different times.
In Zeile:1 Zeichen:1
+ .\gradlew assembleDebug 2>&1 | Out-File -FilePath "build_output.txt"  ...
+ ~~~~~~~~~~~~~~~~~~~~~~~~~~~~
    + CategoryInfo          : NotSpecified: (Warning: SDK pr...ifferent times.:String) [], RemoteException
    + FullyQualifiedErrorId : NativeCommandError
 
> Task :app:preBuild UP-TO-DATE
> Task :app:preDebugBuild UP-TO-DATE
> Task :app:mergeDebugNativeDebugMetadata NO-SOURCE
> Task :app:checkKotlinGradlePluginConfigurationErrors
> Task :app:checkDebugAarMetadata UP-TO-DATE
> Task :app:generateDebugResValues UP-TO-DATE
> Task :app:mapDebugSourceSetPaths UP-TO-DATE
> Task :app:generateDebugResources UP-TO-DATE
> Task :app:mergeDebugResources UP-TO-DATE
> Task :app:packageDebugResources UP-TO-DATE
> Task :app:parseDebugLocalResources UP-TO-DATE
> Task :app:createDebugCompatibleScreenManifests UP-TO-DATE
> Task :app:extractDeepLinksDebug UP-TO-DATE
> Task :app:processDebugMainManifest
> Task :app:processDebugManifest
> Task :app:javaPreCompileDebug UP-TO-DATE
> Task :app:mergeDebugShaders UP-TO-DATE
> Task :app:compileDebugShaders NO-SOURCE
> Task :app:generateDebugAssets UP-TO-DATE
> Task :app:mergeDebugAssets UP-TO-DATE
> Task :app:compressDebugAssets UP-TO-DATE
> Task :app:checkDebugDuplicateClasses UP-TO-DATE
> Task :app:desugarDebugFileDependencies UP-TO-DATE
> Task :app:mergeExtDexDebug UP-TO-DATE
> Task :app:mergeLibDexDebug UP-TO-DATE
> Task :app:mergeDebugJniLibFolders UP-TO-DATE
> Task :app:mergeDebugNativeLibs NO-SOURCE
> Task :app:stripDebugDebugSymbols NO-SOURCE
> Task :app:validateSigningDebug UP-TO-DATE
> Task :app:writeDebugAppMetadata UP-TO-DATE
> Task :app:writeDebugSigningConfigVersions UP-TO-DATE
> Task :app:processDebugManifestForPackage
> Task :app:processDebugResources
> Task :app:kspDebugKotlin

> Task :app:compileDebugKotlin
w: file:///E:/AndroidAppsDIY/06%20SAD/SAD_App/app/src/main/java/com/sad/app/MainActivity.kt:40:27 'PreferenceManager' is deprecated. Deprecated in Java
w: file:///E:/AndroidAppsDIY/06%20SAD/SAD_App/app/src/main/java/com/sad/app/MainActivity.kt:89:21 'PreferenceManager' is deprecated. Deprecated in Java
w: file:///E:/AndroidAppsDIY/06%20SAD/SAD_App/app/src/main/java/com/sad/app/MainActivity.kt:89:39 'getDefaultSharedPreferences(Context!): SharedPreferences!' is deprecated. Deprecated in Java
w: file:///E:/AndroidAppsDIY/06%20SAD/SAD_App/app/src/main/java/com/sad/app/data/AddonManager.kt:135:28 Parameter 'context' is never used
w: file:///E:/AndroidAppsDIY/06%20SAD/SAD_App/app/src/main/java/com/sad/app/ui/AchievementsScreen.kt:183:13 Name shadowed: prefs
w: file:///E:/AndroidAppsDIY/06%20SAD/SAD_App/app/src/main/java/com/sad/app/ui/AchievementsScreen.kt:316:13 Variable 'gameDb' is never used
w: file:///E:/AndroidAppsDIY/06%20SAD/SAD_App/app/src/main/java/com/sad/app/ui/AchievementsScreen.kt:472:25 Name shadowed: prefs
w: file:///E:/AndroidAppsDIY/06%20SAD/SAD_App/app/src/main/java/com/sad/app/ui/AchievementsScreen.kt:677:84 Parameter 'gold' is never used
w: file:///E:/AndroidAppsDIY/06%20SAD/SAD_App/app/src/main/java/com/sad/app/ui/AchievementsScreen.kt:677:97 Parameter 'cyan' is never used
w: file:///E:/AndroidAppsDIY/06%20SAD/SAD_App/app/src/main/java/com/sad/app/ui/FogOfWarOverlay.kt:86:26 'getter for longitudeSpan: Double' is deprecated. Deprecated in Java
w: file:///E:/AndroidAppsDIY/06%20SAD/SAD_App/app/src/main/java/com/sad/app/ui/MapScreen.kt:80:16 Variable 'sampleEvery' is never used
w: file:///E:/AndroidAppsDIY/06%20SAD/SAD_App/app/src/main/java/com/sad/app/ui/MapScreen.kt:152:13 Variable 'nearbyDungeon' is never used
w: file:///E:/AndroidAppsDIY/06%20SAD/SAD_App/app/src/main/java/com/sad/app/ui/MapScreen.kt:154:13 Variable 'dungeonAlreadyVisited' is never used
w: file:///E:/AndroidAppsDIY/06%20SAD/SAD_App/app/src/main/java/com/sad/app/ui/MapScreen.kt:676:17 'setBuiltInZoomControls(Boolean): Unit' is deprecated. Deprecated in Java
w: file:///E:/AndroidAppsDIY/06%20SAD/SAD_App/app/src/main/java/com/sad/app/ui/SettingsScreen.kt:590:17 Variable 'unlockedCount' is never used
w: file:///E:/AndroidAppsDIY/06%20SAD/SAD_App/app/src/main/java/com/sad/app/ui/SettingsScreen.kt:601:17 Variable 'shareText' is never used
w: file:///E:/AndroidAppsDIY/06%20SAD/SAD_App/app/src/main/java/com/sad/app/ui/ShareProfileSheet.kt:254:65 Parameter 'profile' is never used

> Task :app:compileDebugJavaWithJavac
> Task :app:processDebugJavaRes UP-TO-DATE
> Task :app:mergeDebugJavaResource UP-TO-DATE
> Task :app:dexBuilderDebug
> Task :app:mergeProjectDexDebug UP-TO-DATE
> Task :app:packageDebug
> Task :app:createDebugApkListingFileRedirect
> Task :app:assembleDebug

[Incubating] Problems report is available at: file:///E:/AndroidAppsDIY/06%20SAD/SAD_App/build/reports/problems/problems-report.html

Deprecated Gradle features were used in this build, making it incompatible with Gradle 10.0.

You can use '--warning-mode all' to show the individual deprecation warnings and determine if they come from your own scripts or plugins.

For more on this, please refer to https://docs.gradle.org/9.0-milestone-1/userguide/command_line_interface.html#sec:command_line_warnings in the Gradle documentation.

BUILD SUCCESSFUL in 48s
34 actionable tasks: 11 executed, 23 up-to-date
